2026-01-14 10:56:17 [INFO] - Deposit requested: ₱5000.0
2026-01-14 10:56:17 [INFO] - Deposit completed: ₱5000.0, New balance: ₱15000.0
2026-01-14 10:56:17 [INFO] - Withdrawal requested: ₱3000.0
2026-01-14 10:56:17 [INFO] - Withdrawal completed: ₱3000.0 New Balance: ₱12000.0
2026-01-14 10:56:17 [INFO] - Deposit requested: ₱-500.0
2026-01-14 10:56:17 [ERROR] - Invalid deposit amount: ₱-500.0
2026-01-14 10:56:17 [ERROR] - Deposit failed: Deposit amount must be positive
com.activity7.InvalidAmountException: Deposit amount must be positive
	at com.activity7.BankAccount.deposit(BankAccount.java:32)
	at com.activity7.MainApp.lambda$2(MainApp.java:14)
	at com.activity7.MainApp.runTest(MainApp.java:22)
	at com.activity7.MainApp.main(MainApp.java:14)
2026-01-14 10:56:17 [INFO] - Withdrawal requested: ₱20000.0
2026-01-14 10:56:17 [WARN] - Insufficient funds: ₱12000.0 available
2026-01-14 10:56:17 [ERROR] - Withdrawal failed: Insufficient funds for wtihdrawal!
com.activity7.InsufficientFundsException: Insufficient funds for wtihdrawal!
	at com.activity7.BankAccount.withdraw(BankAccount.java:20)
	at com.activity7.MainApp.lambda$3(MainApp.java:15)
	at com.activity7.MainApp.runTest(MainApp.java:22)
	at com.activity7.MainApp.main(MainApp.java:15)
2026-01-14 10:56:17 [INFO] - Deposit requested: ₱60000.0
2026-01-14 10:56:17 [WARN] - Large deposit: ₱60000.0 - requires verification
2026-01-14 10:56:17 [INFO] - Deposit completed: ₱60000.0, New balance: ₱72000.0
